### 0.app |:| 1.rating |:| 2.icon |:| 3.appdesc |:| 4.description |:| 5.desktops |:| 6.distributions |:| 7.architectures |:| 8.dependencies |:| 9.repositories |:|

#smtube_buggy
#youtubedl-gui_buggy |:| 4.29 |:| |:| Youtube downloader |:| Download videos from Youtube |:| |:| bookworm;trixie;forky;noble;resolute;
#doomsday_no-wad-data
#flightgear_too-heavy
#steam_license-not-proceed |:| |:| |:| |:| |:| |:| |:| amd64;

plasma-discover |:| 9.10 |:| plasmadiscover |:| Plasma Discover |:| |:| plasma;
flatpak-extq |:| 8.93 |:| flatpak |:| Flatpak |:| Flatpak framework enables installation of large number of various desktop applications and games. |:| |:| |:| amd64;
smplayer |:| 6.90
synaptic |:| 5.91 |:| |:| Synaptic |:| |:| plasma;
synaptic |:| 9.19 |:| |:| Synaptic |:| |:| lxqt;xfce;lxde;mate;
vlc |:| 5.40
strawberry |:| 5.04 |:| |:| |:| |:| |:| bookworm;trixie;forky;noble;resolute;
q4os-imager |:| 4.98 |:| |:| Q4OS imager |:| Create Q4OS live bootable USB. Imager downloads installation images and writes them to a USB stick.
hplip-gui |:| 4.97 |:| q4hplogo |:| HP drivers |:| Hewlett-Packard tools and drivers for various types of HP printers, scanners and other devices.
falkon |:| 4.93
okular |:| 4.80
abiword |:| 4.50
timeshift |:| 4.02
telegram-desktop |:| 3.34 |:| telegram |:| Telegram
0ad |:| 3.57
gimp |:| 3.27
midori |:| 3.22
bleachbit |:| 3.20
rosegarden |:| 3.05
inkscape |:| 2.76
keepassxc-full |:| 2.61 |:| |:| |:| |:| |:| trixie;forky;noble;resolute;
keepassxc |:| 2.61 |:| |:| |:| |:| |:| bullseye;bookworm;jammy;raspbian12;
notepadqq |:| 2.55
gufw |:| 2.42 |:| |:| |:| Netfilter firewall |:| trinity;lxqt;xfce;lxde;mate;cinnamon;gnome;
qbittorrent |:| 2.41 |:| |:| |:| |:| trinity;lxqt;xfce;lxde;mate;cinnamon;gnome;
gmtp |:| 2.10 |:| gmtpicon
cheese |:| 2.02 |:| org.gnome.Cheese
aisleriot |:| |:| gnome-aisleriot
dreamchess
plee-the-bear
liquidwar
2048-qt
blender
audacious
audacity
kdenlive
etcher
dropbox
kmymoney
deluge
pidgin
brackets
filezilla
featherpad
openshot-qt
kazam
franz
liferea
weather
krita
spotify
qtqr
calibre
simplescreenrecorder
skanlite
musescore
gcompris-qt
gsmartcontrol
virtualbox
evolution
lmms
obs-studio
handbrake
uget
#flameshot
#soundconverter
#stacer

konqueror |:| 1.83 |:| |:| |:| |:| plasma; |:| trixie;forky;noble;resolute;
kate |:| 5.88 |:| |:| |:| |:| plasma;
ksystemlog |:| 3.07 |:| |:| |:| |:| plasma;
ksnip |:| 4.24 |:| |:| |:| |:| plasma;lxqt;
amarok |:| |:| |:| |:| |:| plasma;
kdeconnect |:| |:| |:| |:| |:| plasma;
k3b |:| |:| |:| |:| |:| plasma;
konversation |:| |:| |:| |:| |:| plasma;
krdc |:| |:| |:| |:| |:| plasma;
ktorrent |:| |:| |:| |:| |:| plasma;
gwenview |:| |:| |:| |:| |:| plasma;
partitionmanager |:| |:| |:| |:| |:| plasma;
kolourpaint |:| |:| |:| |:| |:| plasma;
#apper_buggy-https://www.q4os.org/forum/viewtopic.php?pid=28901#p28901 |:| |:| |:| |:| |:| plasma;

kmail-trinity |:| |:| kmail |:| |:| |:| trinity;
amarok-trinity |:| |:| amarok |:| |:| |:| trinity;
k3b-trinity |:| |:| k3b |:| |:| |:| trinity;
kpdf-trinity |:| |:| kpdf |:| |:| |:| trinity;
qpdfview |:| |:| |:| |:| |:| trinity;

##ubuntu jammy|noble|resolute specific:
firefox          |:| 7.76 |:| |:| |:| |:| |:| jammy;noble;resolute;
#chromium-browser |:| 7.50 |:| |:| |:| |:| |:| jammy;noble;resolute;
#libreoffice      |:| 7.36 |:| |:| |:| |:| |:| jammy;noble;resolute;
thunderbird      |:| 6.22 |:| |:| |:| |:| |:| jammy;noble;resolute;
gparted          |:| 4.81 |:| |:| |:| |:| |:| jammy;noble;resolute;

##raspbian specific:
firefox |:| 7.76 |:| firefox  |:| Firefox  |:| The Mozilla Firefox web browser. |:| |:| raspbian12;

#google-chrome-beta |:| 1.00
#google-chrome-unstable |:| 1.00
#virtualbox-5.2 |:| |:| virtualbox
#virtualbox-6.0 |:| |:| virtualbox
#virtualbox-6.1 |:| |:| virtualbox
#xterm
